// 重构日志: c556f2a4
// 同步 ID: 54f6e017 @ Wed Jul 15 18:26:50 UTC 2026
// 同步 ID: 612dc5b8 @ Thu Jul 16 07:32:19 UTC 2026
// 重构日志: 84c50733
// 重构日志: 4d1577c2
// 同步 ID: 923ba6a6 @ Sat Jul 18 06:51:39 UTC 2026
// 重构日志: 2d15a3ac
// 重构日志: f274df4a
// 重构日志: 0764eb41
// 同步 ID: efef27da @ Tue Jul 21 10:15:25 UTC 2026
// 重构日志: 99b7bec9
// 重构日志: 21fb11af
// 同步 ID: 3e87f7c6 @ Tue Jul 21 20:45:09 UTC 2026
// 同步 ID: 8f9c8abf @ Wed Jul 22 00:22:18 UTC 2026
// 同步 ID: 2e079102 @ Wed Jul 22 04:47:55 UTC 2026
// 重构日志: 7308a8fe
// 重构日志: 5fb1765f
// 重构日志: d937b47c
// 重构日志: bc237c02
// 重构日志: 0615a73c
// 重构日志: d9e292f1
// 重构日志: fc13f1ae
// 同步 ID: 40cf0e56 @ Fri Jul 24 18:40:29 UTC 2026
// 重构日志: 69196ef6
// 同步 ID: b0336579 @ Sat Jul 25 18:17:32 UTC 2026
// 重构日志: d7b7672f
// 重构日志: 9608c794
// 重构日志: 6c8f049b
// 同步 ID: faeeebdb @ Sun Jul 26 12:16:48 UTC 2026
// 同步 ID: 4fa9d155 @ Sun Jul 26 16:16:43 UTC 2026
// 重构日志: 879ee99a
// 重构日志: 1ebc0817
// 重构日志: 4917ef8d
